
> pepts_ecommerce@0.1.0 build
> next build

node.exe : ΓÜá Invalid next.config.js options detected: 
At line:1 char:1
+ & "C:\Program Files\nodejs/node.exe" "C:\Program Files\nodejs/node_mo ...
+ ~~~~~~~~~~~~~~~~~~~~~~~~~~~~~~~~~~~~~~~~~~~~~~~~~~~~~~~~~~~~~~~~~~~~~
    + CategoryInfo          : NotSpecified: (ΓÜá Invalid nex...ions detected:  
   :String) [], RemoteException
    + FullyQualifiedErrorId : NativeCommandError
 
ΓÜá     Unrecognized key(s) in object: 'optimizeFonts'
ΓÜá See more info here: https://nextjs.org/docs/messages/invalid-next-config
Warning: Custom Cache-Control headers detected for the following routes:
  - /_next/static/:path*

Setting a custom Cache-Control header can break Next.js development behavior.
Γû▓ Next.js 16.2.4 (Turbopack)

  Creating an optimized production build ...

> Build error occurred
Error: Turbopack build failed with 1 errors:
./src/components/Animations/LayoutTransitions.jsx:10:1
Module not found: Can't resolve 'framer-motion'
  [90m 8 |[0m
  [90m 9 |[0m [36mimport[0m [33mReact[0m [36mfrom[0m [32m'react'[0m;
[31m[1m>[0m [90m10 |[0m [36mimport[0m { motion } [36mfrom[0m 
[32m'framer-motion'[0m;
  [90m   |[0m [31m[1m^^^^^^^^^^^^^^^^^^^^^^^^^^^^^^^^^^^^^^^[0m
  [90m11 |[0m
  [90m12 |[0m /**
  [90m13 |[0m  * [33mFade[0m [33mIn[0m variant [36mfor[0m smooth 
entrance



Import trace:
  Server Component:
    ./src/components/Animations/LayoutTransitions.jsx
    ./src/app/(store)/product/example/page.jsx

https://nextjs.org/docs/messages/module-not-found


    at <unknown> (./src/components/Animations/LayoutTransitions.jsx:10:1)
    at <unknown> (https://nextjs.org/docs/messages/module-not-found)
