
> pepts_ecommerce@0.1.0 build
> next build

Γû▓ Next.js 16.2.4 (Turbopack)

  Creating an optimized production build ...
Γ£ô Compiled successfully in 24.5s
  Running TypeScript ...
  Finished TypeScript in 770ms ...
  Collecting page data using 15 workers ...
  Generating static pages using 15 workers (0/20) ...
  Generating static pages using 15 workers (5/20) 
  Generating static pages using 15 workers (10/20) 
  Generating static pages using 15 workers (15/20) 
Γ£ô Generating static pages using 15 workers (20/20) in 6.5s
  Finalizing page optimization ...

Route (app)
Γöî Γùï /
Γö£ Γùï /_not-found
Γö£ Γùï /about
Γö£ Γùï /admin
Γö£ Γùï /admin/customers
Γö£ Γùï /admin/orders
Γö£ Γùï /admin/products
Γö£ Γùï /cart
Γö£ Γùï /categories
Γö£ Γùï /checkout
Γö£ Γùï /contact
Γö£ Γùï /deals
Γö£ Γùï /login
Γö£ ╞Æ /product/[id]
Γö£ Γùï /products
Γö£ Γùï /profile
Γö£ Γùï /register
Γö£ Γùï /search
Γöö Γùï /wishlist


Γùï  (Static)   prerendered as static content
╞Æ  (Dynamic)  server-rendered on demand

